<!DOCTYPE html>
<html lang="en-US">
	<head>
		<title>Another Post</title>
		<link rel="stylesheet" href="/styles/page.css">
		<script src="/js/script.js" type="module"></script>
		<meta name="viewport" content="width=device-width, initial-scale=1">
		<meta charset="UTF-8">
	</head>
	<body>
		<header id="site-header">
			<h1><a href="https://www.example.com">Website</a></h1>
		</header>
		<main>
			<h2><a href="/posts/another-post">Another Post</a></h2>
			<div id="word-count">Word count: 6</div>
			<p>A short post with some tags.</p>
		</main>
	</body>
</html>
