<!DOCTYPE html>
<html lang="en-US">
	<head>
		<title>Posts</title>
		<link rel="stylesheet" href="/styles/page.css">
		<script src="/js/script.js" type="module"></script>
		<meta name="viewport" content="width=device-width, initial-scale=1">
		<meta charset="UTF-8">
	</head>
	<body>
		<header id="site-header">
			<h1><a href="https://www.example.com">Website</a></h1>
		</header>
		<main>
			<div class="post">
				<div class="post-title">Third Post</div>
				<div class="date">1970-01-03</div>
				<div class="word-count">Word count: 5</div>
				<div class="excerpt">
					<p>A short post without tags.</p>
				</div>
			</div>
			<div class="post">
				<div class="post-title">Another Post</div>
				<div class="date">1970-01-02</div>
				<div class="word-count">Word count: 6</div>
				<div class="excerpt">
					<p>A short post with some tags.</p>
				</div>
			</div>
		</main>
		<ul>
			<li><a href="/posts/page.1">Start</a></li>
			
			<li><a href="/posts/page.2">Next</a></li>
			<li><a href="/posts/page.2">End</a></li>
		</ul>
	</body>
</html>
