<!DOCTYPE html>
<html lang="en-US">
	<head>
		<title>Posts Page 2</title>
		<link rel="stylesheet" href="/styles/page.css">
		<script src="/js/script.js" type="module"></script>
		<meta name="viewport" content="width=device-width, initial-scale=1">
		<meta charset="UTF-8">
	</head>
	<body>
		<header id="site-header">
			<h1><a href="https://www.example.com">Website</a></h1>
		</header>
		<main>
			<div class="post">
				<div class="post-title">Some Post</div>
				<div class="date">1970-01-01</div>
				<div class="word-count">Word count: 62</div>
				<div class="excerpt">
					<p>This is a post wherein markdown is demonstrated. Watch how I
					choose to <em>emphasize</em> some text and <strong>strengthen</strong> other text.</p>
				</div>
			</div>
		</main>
		<ul>
			<li><a href="/posts/page.1">Start</a></li>
			<li><a href="/posts/page.1">Previous</a></li>
			
			<li><a href="/posts/page.2">End</a></li>
		</ul>
	</body>
</html>
