<!DOCTYPE html>
<html lang="en-US">
	<head>
		<title>Some Post</title>
		<link rel="stylesheet" href="/styles/page.css">
		<script src="/js/script.js" type="module"></script>
		<meta name="viewport" content="width=device-width, initial-scale=1">
		<meta charset="UTF-8">
	</head>
	<body>
		<header id="site-header">
			<h1><a href="https://www.example.com">Website</a></h1>
		</header>
		<main>
			<h2><a href="/posts/post">Some Post</a></h2>
			<div id="word-count">Word count: 62</div>
			<p>This is a post wherein markdown is demonstrated. Watch how I
			choose to <em>emphasize</em> some text and <strong>strengthen</strong> other text.</p>
			<h2>Behold, A Heading!</h2>
			<p>Wow, what a post this is. It even has bullet points:</p>
			<ul>
			<li>First one</li>
			<li>and then another</li>
			<li>like a whole trio or something</li>
			</ul>
			<blockquote>
			<p>I will also demonstrate some block quotes
			such as this one.</p>
			</blockquote>
			<blockquote>
			<p>Another block quote follows the first.</p>
			</blockquote>
		</main>
	</body>
</html>
