<!DOCTYPE html>
<html lang="en-US">
	<head>
		<title>Drafts</title>
		<link rel="stylesheet" href="/styles/page.css">
		<script src="/js/script.js" type="module"></script>
		<meta name="viewport" content="width=device-width, initial-scale=1">
		<meta charset="UTF-8">
	</head>
	<body>
		<header id="site-header">
			<h1><a href="https://www.example.com">Website</a></h1>
		</header>
		<main>
			<div class="post">
				<div class="post-title">WIP</div>
				<div class="date">XXXX-XX-XX XX:XX:XX +0000</div>
				<div class="word-count">Word count: 7</div>
				<div class="excerpt">
					<p>This one is a work in progress.</p>
				</div>
			</div>
		</main>
	</body>
</html>
