<!DOCTYPE html>
<html lang="en-US">
	<head>
		<title>WIP</title>
		<link rel="stylesheet" href="/styles/page.css">
		<script src="/js/script.js" type="module"></script>
		<meta name="viewport" content="width=device-width, initial-scale=1">
		<meta charset="UTF-8">
	</head>
	<body>
		<header id="site-header">
			<h1><a href="https://www.example.com">Website</a></h1>
		</header>
		<main>
			<p>This one is a work in progress.</p>
		</main>
	</body>
</html>
